Monitoring /c/Users/palha/Documents/GitHub/bd-autohost-bot-new/fleet-status.log (Ctrl-C to stop)...
[ok] [08-30 06:32:26] worker-c: ok — 233 parts, active 0.0 min ago
[ok] [08-30 06:32:26] worker-d: ok — 372 parts, active 1.6 min ago
[ok] [08-30 06:32:26] review-waiter: ok — 63 parts, active 0.2 min ago
[!!] [08-30 06:32:26] worker-e: stalled 17 min -> nudge 1/2
[ok] [08-30 06:32:27] fleet-supervisor: ok — 132 parts, active 2.7 min ago
[ok] [08-30 06:42:28] worker-a: ok — 646 parts, active 1.3 min ago
[ok] [08-30 06:42:29] worker-b: ok — 1391 parts, active 1.3 min ago
[ok] [08-30 06:42:29] worker-c: ok — 258 parts, active 0.3 min ago
[ok] [08-30 06:42:29] worker-d: ok — 405 parts, active 1.3 min ago
[ok] [08-30 06:42:30] review-waiter: ok — 63 parts, active 10.3 min ago
[ok] [08-30 06:42:30] worker-e: ok — 2069 parts, active 10.1 min ago
[ok] [08-30 06:42:31] fleet-supervisor: ok — 247 parts, active 0.6 min ago
[ok] [08-30 06:52:41] worker-a: ok — 671 parts, active 0.2 min ago
[ok] [08-30 06:52:43] worker-b: ok — 1412 parts, active 0.1 min ago
[ok] [08-30 06:52:45] worker-c: ok — 285 parts, active 0.6 min ago
[ok] [08-30 06:52:45] worker-d: ok — 463 parts, active 0.0 min ago
[!!] [08-30 06:52:47] review-waiter: stalled 21 min -> nudge 1/2
[!!] [08-30 06:52:59] worker-e: stalled 21 min -> nudge 1/2
[ok] [08-30 06:53:04] fleet-supervisor: ok — 249 parts, active 9.0 min ago
